Rec: 0d4d1c53000000b7C1DC120100000000A41E6E7410900000
Card: 18013377
Work: 1
Name: N18013377
Sector: 
Time: 2015-05-04 14:35:28 Monday
Locations: m001-1No. No.-Come in.
Status: It's forbidden to pass.: No Permissions

Rec: 0d4d1c53000000b8B9E7120100000000A41E6E7418000000
Card: 18016185
Work: 2
Name: N18016185
Sector: Ministry of Manufacturing
Time: 2015-05-04 14:35:29 Monday
Locations: m001-1No. No.-Come in.
Status: Open the swipe.

Rec: 0d4d1c53000000b9C1DC120100000000A41E707418910000
Card: 18013377
Work: 1
Name: N18013377
Sector: 
Time: 2015-05-04 14:35:33 Monday
Locations: m001-1No. No.-Out.
Status: It's forbidden to pass.: No Permissions

Rec: 0d4d1c53000000baB9E7120100000000A41E717410010000
Card: 18016185
Work: 2
Name: N18016185
Sector: Ministry of Manufacturing
Time: 2015-05-04 14:35:34 Monday
Locations: m001-1No. No.-Out.
Status: Open the swipe.

Rec: 0d4d1c53000000bbC1DC120100000000A41E737418920000
Card: 18013377
Work: 1
Name: N18013377
Sector: 
Time: 2015-05-04 14:35:39 Monday
Locations: m001-2No. No.-Come in.
Status: It's forbidden to pass.: No Permissions

Rec: 0d4d1c53000000bcB9E7120100000000A41E747410020000
Card: 18016185
Work: 2
Name: N18016185
Sector: Ministry of Manufacturing
Time: 2015-05-04 14:35:40 Monday
Locations: m001-2No. No.-Come in.
Status: Open the swipe.

Rec: 0d4d1c53000000bdC1DC120100000000A41E767410930000
Card: 18013377
Work: 1
Name: N18013377
Sector: 
Time: 2015-05-04 14:35:44 Monday
Locations: m001-2No. No.-Out.
Status: It's forbidden to pass.: No Permissions

Rec: 0d4d1c53000000beB9E7120100000000A41E767418030000
Card: 18016185
Work: 2
Name: N18016185
Sector: Ministry of Manufacturing
Time: 2015-05-04 14:35:45 Monday
Locations: m001-2No. No.-Out.
Status: Open the swipe.

Rec: 0d4d1c53000000bfB9E7120100000000A41E9C7410A00000
Card: 18016185
Work: 2
Name: N18016185
Sector: Ministry of Manufacturing
Time: 2015-05-04 14:36:56 Monday
Locations: m001-1No. No.-Come in.
Status: It's forbidden to pass.: Wrong password.

Rec: 0d4d1c53000000c0B9E7120100000000A41EA07418A10000
Card: 18016185
Work: 2
Name: N18016185
Sector: Ministry of Manufacturing
Time: 2015-05-04 14:37:01 Monday
Locations: m001-1No. No.-Out.
Status: It's forbidden to pass.: Wrong password.

Rec: 0d4d1c53000000c1B9E7120100000000A41EA37418A20000
Card: 18016185
Work: 2
Name: N18016185
Sector: Ministry of Manufacturing
Time: 2015-05-04 14:37:07 Monday
Locations: m001-2No. No.-Come in.
Status: It's forbidden to pass.: Wrong password.

Rec: 0d4d1c53000000c2B9E7120100000000A41EA57418A30000
Card: 18016185
Work: 2
Name: N18016185
Sector: Ministry of Manufacturing
Time: 2015-05-04 14:37:11 Monday
Locations: m001-2No. No.-Out.
Status: It's forbidden to pass.: Wrong password.

Rec: 0d4d1c53000000c3B9E7120100000000A41EB77418000000
Card: 18016185
Work: 2
Name: N18016185
Sector: Ministry of Manufacturing
Time: 2015-05-04 14:37:47 Monday
Locations: m001-1No. No.-Come in.
Status: Open the swipe.

Rec: 0d4d1c53000000c4B9E7120100000000A41EC17418C40000
Card: 18016185
Work: 2
Name: N18016185
Sector: Ministry of Manufacturing
Time: 2015-05-04 14:38:03 Monday
Locations: m001-1No. No.-Come in.
Status: It's forbidden to pass.: Backwards

Rec: 0d4d1c53000000c5B9E7120100000000A41EC37418010000
Card: 18016185
Work: 2
Name: N18016185
Sector: Ministry of Manufacturing
Time: 2015-05-04 14:38:07 Monday
Locations: m001-1No. No.-Out.
Status: Open the swipe.

Rec: 0d4d1c53000000c6B9E7120100000000A41EC47410C50000
Card: 18016185
Work: 2
Name: N18016185
Sector: Ministry of Manufacturing
Time: 2015-05-04 14:38:08 Monday
Locations: m001-1No. No.-Out.
Status: It's forbidden to pass.: Backwards

Rec: 0d4d1c53000000c7B9E7120100000000A41EC77410C70000
Card: 18016185
Work: 2
Name: N18016185
Sector: Ministry of Manufacturing
Time: 2015-05-04 14:38:14 Monday
Locations: m001-2No. No.-Out.
Status: It's forbidden to pass.: Backwards

Rec: 0d4d1c53000000c8B9E7120100000000A41ECA7410020000
Card: 18016185
Work: 2
Name: N18016185
Sector: Ministry of Manufacturing
Time: 2015-05-04 14:38:20 Monday
Locations: m001-2No. No.-Come in.
Status: Open the swipe.

Rec: 0d4d1c53000000c9B9E7120100000000A41ECA7418C60000
Card: 18016185
Work: 2
Name: N18016185
Sector: Ministry of Manufacturing
Time: 2015-05-04 14:38:21 Monday
Locations: m001-2No. No.-Come in.
Status: It's forbidden to pass.: Backwards

Rec: 0d4d1c53000000caB9E7120100000000A41EDC7418C80000
Card: 18016185
Work: 2
Name: N18016185
Sector: Ministry of Manufacturing
Time: 2015-05-04 14:38:57 Monday
Locations: m001-1No. No.-Come in.
Status: It's forbidden to pass.: Doc!

Rec: 0d4d1c53000000cbB9E7120100000000A41EE17410010000
Card: 18016185
Work: 2
Name: N18016185
Sector: Ministry of Manufacturing
Time: 2015-05-04 14:39:02 Monday
Locations: m001-1No. No.-Out.
Status: Open the swipe.

Rec: 0d4d1c53000000ccB9E7120100000000A41EED7418C80000
Card: 18016185
Work: 2
Name: N18016185
Sector: Ministry of Manufacturing
Time: 2015-05-04 14:39:27 Monday
Locations: m001-1No. No.-Come in.
Status: It's forbidden to pass.: Doc!

Rec: 0d4d1c53000000cdB9E7120100000000A41EEF7418C90000
Card: 18016185
Work: 2
Name: N18016185
Sector: Ministry of Manufacturing
Time: 2015-05-04 14:39:31 Monday
Locations: m001-1No. No.-Out.
Status: It's forbidden to pass.: Doc!

Rec: 0d4d1c53000000ceB9E7120100000000A41EF17410CA0000
Card: 18016185
Work: 2
Name: N18016185
Sector: Ministry of Manufacturing
Time: 2015-05-04 14:39:34 Monday
Locations: m001-2No. No.-Come in.
Status: It's forbidden to pass.: Doc!

Rec: 0d4d1c53000000cfB9E7120100000000A41EF37410CB0000
Card: 18016185
Work: 2
Name: N18016185
Sector: Ministry of Manufacturing
Time: 2015-05-04 14:39:38 Monday
Locations: m001-2No. No.-Out.
Status: It's forbidden to pass.: Doc!

Rec: 0d4d1c53000000d0B9E7120100000000A41E207510030000
Card: 18016185
Work: 2
Name: N18016185
Sector: Ministry of Manufacturing
Time: 2015-05-04 14:41:00 Monday
Locations: m001-2No. No.-Out.
Status: Open the swipe.

Rec: 0d4d1c53000000d1B9E7120100000000A41E497518000000
Card: 18016185
Work: 2
Name: N18016185
Sector: Ministry of Manufacturing
Time: 2015-05-04 14:42:19 Monday
Locations: m001-1No. No.-Come in.
Status: Open the swipe.

Rec: 0d4d1c53000000d2B9E7120100000000A41E4B7518000000
Card: 18016185
Work: 2
Name: N18016185
Sector: Ministry of Manufacturing
Time: 2015-05-04 14:42:23 Monday
Locations: m001-1No. No.-Come in.
Status: Open the swipe.

Rec: 0d4d1c53000000d3B9E7120100000000A41E4E7518000000
Card: 18016185
Work: 2
Name: N18016185
Sector: Ministry of Manufacturing
Time: 2015-05-04 14:42:29 Monday
Locations: m001-1No. No.-Come in.
Status: Open the swipe.

Rec: 0d4d1c53000000d4B9E7120100000000A41E507518010000
Card: 18016185
Work: 2
Name: N18016185
Sector: Ministry of Manufacturing
Time: 2015-05-04 14:42:33 Monday
Locations: m001-1No. No.-Out.
Status: Open the swipe.

Rec: 0d4d1c53000000d5B9E7120100000000A41E5A7510010000
Card: 18016185
Work: 2
Name: N18016185
Sector: Ministry of Manufacturing
Time: 2015-05-04 14:42:52 Monday
Locations: m001-1No. No.-Out.
Status: Open the swipe.

Rec: 0d4d1c53000000d6B9E7120100000000A41E927510010000
Card: 18016185
Work: 2
Name: N18016185
Sector: Ministry of Manufacturing
Time: 2015-05-04 14:44:36 Monday
Locations: m001-1No. No.-Out.
Status: Open the swipe.

Rec: 0d4d1c53000000d7B9E7120100000000A41EBA7518CD0000
Card: 18016185
Work: 2
Name: N18016185
Sector: Ministry of Manufacturing
Time: 2015-05-04 14:45:53 Monday
Locations: m001-1No. No.-Out.
Status: It's forbidden to pass.: First Card

Rec: 0d4d1c53000000d8B9E7120100000000A41EC07510CC0000
Card: 18016185
Work: 2
Name: N18016185
Sector: Ministry of Manufacturing
Time: 2015-05-04 14:46:00 Monday
Locations: m001-1No. No.-Come in.
Status: It's forbidden to pass.: First Card

Rec: 0d4d1c53000000d9B9E7120100000000A41EC17518CD0000
Card: 18016185
Work: 2
Name: N18016185
Sector: Ministry of Manufacturing
Time: 2015-05-04 14:46:03 Monday
Locations: m001-1No. No.-Out.
Status: It's forbidden to pass.: First Card

Rec: 0d4d1c53000000daB9E7120100000000A41EC47518CE0000
Card: 18016185
Work: 2
Name: N18016185
Sector: Ministry of Manufacturing
Time: 2015-05-04 14:46:09 Monday
Locations: m001-2No. No.-Come in.
Status: It's forbidden to pass.: First Card

Rec: 0d4d1c53000000dbB9E7120100000000A41EC67510CF0000
Card: 18016185
Work: 2
Name: N18016185
Sector: Ministry of Manufacturing
Time: 2015-05-04 14:46:12 Monday
Locations: m001-2No. No.-Out.
Status: It's forbidden to pass.: First Card

Rec: 0d4d1c53000000dcB9E7120100000000A41EDD7510D00000
Card: 18016185
Work: 2
Name: N18016185
Sector: Ministry of Manufacturing
Time: 2015-05-04 14:46:58 Monday
Locations: m001-1No. No.-Come in.
Status: It's forbidden to pass.: It's always closed.

Rec: 0d4d1c53000000ddB9E7120100000000A41EE17518D10000
Card: 18016185
Work: 2
Name: N18016185
Sector: Ministry of Manufacturing
Time: 2015-05-04 14:47:03 Monday
Locations: m001-1No. No.-Out.
Status: It's forbidden to pass.: It's always closed.

Rec: 0d4d1c53000000deB9E7120100000000A41EE37510D20000
Card: 18016185
Work: 2
Name: N18016185
Sector: Ministry of Manufacturing
Time: 2015-05-04 14:47:06 Monday
Locations: m001-2No. No.-Come in.
Status: It's forbidden to pass.: It's always closed.

Rec: 0d4d1c53000000dfB9E7120100000000A41EE57518D30000
Card: 18016185
Work: 2
Name: N18016185
Sector: Ministry of Manufacturing
Time: 2015-05-04 14:47:11 Monday
Locations: m001-2No. No.-Out.
Status: It's forbidden to pass.: It's always closed.

Rec: 0d4d1c53000000e0B9E7120100000000A41EF87510D40000
Card: 18016185
Work: 2
Name: N18016185
Sector: Ministry of Manufacturing
Time: 2015-05-04 14:47:48 Monday
Locations: m001-1No. No.-Come in.
Status: It's forbidden to pass.: Interlock

Rec: 0d4d1c53000000e1B9E7120100000000A41EFA7518D50000
Card: 18016185
Work: 2
Name: N18016185
Sector: Ministry of Manufacturing
Time: 2015-05-04 14:47:53 Monday
Locations: m001-1No. No.-Out.
Status: It's forbidden to pass.: Interlock

Rec: 0d4d1c53000000e2B9E7120100000000A41EFC7518D60000
Card: 18016185
Work: 2
Name: N18016185
Sector: Ministry of Manufacturing
Time: 2015-05-04 14:47:57 Monday
Locations: m001-2No. No.-Come in.
Status: It's forbidden to pass.: Interlock

Rec: 0d4d1c53000000e3B9E7120100000000A41E017610D70000
Card: 18016185
Work: 2
Name: N18016185
Sector: Ministry of Manufacturing
Time: 2015-05-04 14:48:02 Monday
Locations: m001-2No. No.-Out.
Status: It's forbidden to pass.: Interlock

Rec: 0d4d1c53000000e4B9E7120100000000A41E2B7610D80000
Card: 18016185
Work: 2
Name: N18016185
Sector: Ministry of Manufacturing
Time: 2015-05-04 14:49:22 Monday
Locations: m001-1No. No.-Come in.
Status: It's forbidden to pass.: Limited number of brush cards

Rec: 0d4d1c53000000e5B9E7120100000000A41E2D7618D90000
Card: 18016185
Work: 2
Name: N18016185
Sector: Ministry of Manufacturing
Time: 2015-05-04 14:49:27 Monday
Locations: m001-1No. No.-Out.
Status: It's forbidden to pass.: Limited number of brush cards

Rec: 0d4d1c53000000e6B9E7120100000000A41E2F7618DA0000
Card: 18016185
Work: 2
Name: N18016185
Sector: Ministry of Manufacturing
Time: 2015-05-04 14:49:31 Monday
Locations: m001-2No. No.-Come in.
Status: It's forbidden to pass.: Limited number of brush cards

Rec: 0d4d1c53000000e7B9E7120100000000A41E327610DB0000
Card: 18016185
Work: 2
Name: N18016185
Sector: Ministry of Manufacturing
Time: 2015-05-04 14:49:36 Monday
Locations: m001-2No. No.-Out.
Status: It's forbidden to pass.: Limited number of brush cards

Rec: 0d4d1c53000000e8B9E7120100000000A41E447610E00000
Card: 18016185
Work: 2
Name: N18016185
Sector: Ministry of Manufacturing
Time: 2015-05-04 14:50:08 Monday
Locations: m001-1No. No.-Come in.
Status: It's forbidden to pass.: Card Expiry, or not valid, or leave constraints

Rec: 0d4d1c53000000e9B9E7120100000000A41E477610E10000
Card: 18016185
Work: 2
Name: N18016185
Sector: Ministry of Manufacturing
Time: 2015-05-04 14:50:14 Monday
Locations: m001-1No. No.-Out.
Status: It's forbidden to pass.: Card Expiry, or not valid, or leave constraints

Rec: 0d4d1c53000000eaB9E7120100000000A41E497610E20000
Card: 18016185
Work: 2
Name: N18016185
Sector: Ministry of Manufacturing
Time: 2015-05-04 14:50:18 Monday
Locations: m001-2No. No.-Come in.
Status: It's forbidden to pass.: Card Expiry, or not valid, or leave constraints

Rec: 0d4d1c53000000ebB9E7120100000000A41E4B7610E30000
Card: 18016185
Work: 2
Name: N18016185
Sector: Ministry of Manufacturing
Time: 2015-05-04 14:50:22 Monday
Locations: m001-2No. No.-Out.
Status: It's forbidden to pass.: Card Expiry, or not valid, or leave constraints

Rec: 0d4d1c5300000109B9E7120100000000A41E447710E00000
Card: 18016185
Work: 2
Name: N18016185
Sector: Ministry of Manufacturing
Time: 2015-05-04 14:58:08 Monday
Locations: m001-1No. No.-Come in.
Status: It's forbidden to pass.: Card Expiry, or not valid, or leave constraints

Rec: 0d4d1c530000010aB9E7120100000000A41E557710000000
Card: 18016185
Work: 2
Name: N18016185
Sector: Ministry of Manufacturing
Time: 2015-05-04 14:58:42 Monday
Locations: m001-1No. No.-Come in.
Status: Open the swipe.

Rec: 0d4d1c530000010eB9E7120100000000A41E5A7718010000
Card: 18016185
Work: 2
Name: N18016185
Sector: Ministry of Manufacturing
Time: 2015-05-04 14:58:53 Monday
Locations: m001-1No. No.-Out.
Status: Open the swipe.

Rec: 0d4d1c5300000112B9E7120100000000A41E627718020000
Card: 18016185
Work: 2
Name: N18016185
Sector: Ministry of Manufacturing
Time: 2015-05-04 14:59:05 Monday
Locations: m001-2No. No.-Come in.
Status: Open the swipe.

Rec: 0d4d1c5300000116B9E7120100000000A41E687718030000
Card: 18016185
Work: 2
Name: N18016185
Sector: Ministry of Manufacturing
Time: 2015-05-04 14:59:17 Monday
Locations: m001-2No. No.-Out.
Status: Open the swipe.

Rec: 0d4d1c5300000123B9E7120100000000A41E297810000000
Card: 18016185
Work: 2
Name: N18016185
Sector: Ministry of Manufacturing
Time: 2015-05-04 15:01:18 Monday
Locations: m001-1No. No.-Come in.
Status: Open the swipe.

Rec: 0d4d1c5300000124B9E7120100000000A41E297818000000
Card: 18016185
Work: 2
Name: N18016185
Sector: Ministry of Manufacturing
Time: 2015-05-04 15:01:19 Monday
Locations: m001-1No. No.-Come in.
Status: Open the swipe.

Rec: 0d4d1c5300000125B9E7120100000000A41E2A7810000000
Card: 18016185
Work: 2
Name: N18016185
Sector: Ministry of Manufacturing
Time: 2015-05-04 15:01:20 Monday
Locations: m001-1No. No.-Come in.
Status: Open the swipe.

Rec: 0d4d1c5300000130C1DC120100000000A41E807D10900000
Card: 18013377
Work: 1
Name: N18013377
Sector: 
Time: 2015-05-04 15:44:00 Monday
Locations: m001-1No. No.-Come in.
Status: It's forbidden to pass.: No Permissions

Rec: 0d4d1c5300000130C1DC120100000000A41E807D10900000
Card: 18013377
Work: 1
Name: N18013377
Sector: External brushcard
Time: 2015-05-04 15:44:00 Monday
Locations: m001-1No. No.-Come in.
Status: It's forbidden to pass.: No Permissions

Rec: 0d4d1c5300000132C1DC120100000000A41E867D10910000
Card: 18013377
Work: 1
Name: N18013377
Sector: 
Time: 2015-05-04 15:44:12 Monday
Locations: m001-1No. No.-Out.
Status: It's forbidden to pass.: No Permissions

Rec: 0d4d1c5300000132C1DC120100000000A41E867D10910000
Card: 18013377
Work: 1
Name: N18013377
Sector: External brushcard
Time: 2015-05-04 15:44:12 Monday
Locations: m001-1No. No.-Out.
Status: It's forbidden to pass.: No Permissions

Rec: 0d4d1c5300000134C1DC120100000000A41E897D10920000
Card: 18013377
Work: 1
Name: N18013377
Sector: 
Time: 2015-05-04 15:44:18 Monday
Locations: m001-2No. No.-Come in.
Status: It's forbidden to pass.: No Permissions

Rec: 0d4d1c5300000134C1DC120100000000A41E897D10920000
Card: 18013377
Work: 1
Name: N18013377
Sector: External brushcard
Time: 2015-05-04 15:44:18 Monday
Locations: m001-2No. No.-Come in.
Status: It's forbidden to pass.: No Permissions

Rec: 0d4d1c5300000136C1DC120100000000A41E8F7D10930000
Card: 18013377
Work: 1
Name: N18013377
Sector: 
Time: 2015-05-04 15:44:30 Monday
Locations: m001-2No. No.-Out.
Status: It's forbidden to pass.: No Permissions

Rec: 0d4d1c5300000136C1DC120100000000A41E8F7D10930000
Card: 18013377
Work: 1
Name: N18013377
Sector: External brushcard
Time: 2015-05-04 15:44:30 Monday
Locations: m001-2No. No.-Out.
Status: It's forbidden to pass.: No Permissions

Rec: 0d4d1c5300000139B9E7120100000000A41E3D8618840000
Card: 18016185
Work: 2
Name: N18016185
Sector: Ministry of Manufacturing
Time: 2015-05-04 16:49:59 Monday
Locations: m001-1No. No.-Come in.
Status: It's forbidden to pass.: Computer control

Rec: 0d4d1c5300000139B9E7120100000000A41E3D8618840000
Card: 18016185
Work: 2
Name: N18016185
Sector: Ministry of Manufacturing
Time: 2015-05-04 16:49:59 Monday
Locations: m001-1No. No.-Come in.
Status: It's forbidden to pass.: Computer control

Rec: 0d4d1c530000013aB9E7120100000000A41E438618850000
Card: 18016185
Work: 2
Name: N18016185
Sector: Ministry of Manufacturing
Time: 2015-05-04 16:50:07 Monday
Locations: m001-1No. No.-Out.
Status: It's forbidden to pass.: Computer control

Rec: 0d4d1c530000013aB9E7120100000000A41E438618850000
Card: 18016185
Work: 2
Name: N18016185
Sector: Ministry of Manufacturing
Time: 2015-05-04 16:50:07 Monday
Locations: m001-1No. No.-Out.
Status: It's forbidden to pass.: Computer control

Rec: 0d4d1c530000013bB9E7120100000000A41E458618860000
Card: 18016185
Work: 2
Name: N18016185
Sector: Ministry of Manufacturing
Time: 2015-05-04 16:50:11 Monday
Locations: m001-2No. No.-Come in.
Status: It's forbidden to pass.: Computer control

Rec: 0d4d1c530000013bB9E7120100000000A41E458618860000
Card: 18016185
Work: 2
Name: N18016185
Sector: Ministry of Manufacturing
Time: 2015-05-04 16:50:11 Monday
Locations: m001-2No. No.-Come in.
Status: It's forbidden to pass.: Computer control

Rec: 0d4d1c530000013cB9E7120100000000A41E478610870000
Card: 18016185
Work: 2
Name: N18016185
Sector: Ministry of Manufacturing
Time: 2015-05-04 16:50:14 Monday
Locations: m001-2No. No.-Out.
Status: It's forbidden to pass.: Computer control

Rec: 0d4d1c530000013cB9E7120100000000A41E478610870000
Card: 18016185
Work: 2
Name: N18016185
Sector: Ministry of Manufacturing
Time: 2015-05-04 16:50:14 Monday
Locations: m001-2No. No.-Out.
Status: It's forbidden to pass.: Computer control

