Rec: 0d4d1c53000000ec0700000000000000A41E547612800000
时间: 2015-05-04 14:50:40 星期一
地点: m001-1号
状态: 按钮不开门: 互锁

Rec: 0d4d1c53000000ed0100000000000000A41E647612000000
时间: 2015-05-04 14:51:08 星期一
地点: m001-1号
状态: 按钮开门

Rec: 0d4d1c53000000ee0100000000000000A41E667612010000
时间: 2015-05-04 14:51:12 星期一
地点: m001-2号
状态: 按钮开门

Rec: 0d4d1c53000000ef0900000000000000A41E6C7612000000
时间: 2015-05-04 14:51:24 星期一
地点: m001-1号
状态: 门关闭[门磁信号]

Rec: 0d4d1c53000000f00800000000000000A41E6D7612000000
时间: 2015-05-04 14:51:26 星期一
地点: m001-1号
状态: 门打开[门磁信号]

Rec: 0d4d1c53000000f10900000000000000A41E6E761A010000
时间: 2015-05-04 14:51:29 星期一
地点: m001-2号
状态: 门关闭[门磁信号]

Rec: 0d4d1c53000000f20800000000000000A41E6F761A010000
时间: 2015-05-04 14:51:31 星期一
地点: m001-2号
状态: 门打开[门磁信号]

Rec: 0d4d1c53000000f30A00000000000000A41E8B761A000000
时间: 2015-05-04 14:52:23 星期一
地点: m001-1号-进门
状态: 超级密码开门

Rec: 0d4d1c53000000f40A00000000000000A41E8E761A010000
时间: 2015-05-04 14:52:29 星期一
地点: m001-1号-出门
状态: 超级密码开门

Rec: 0d4d1c53000000f50A00000000000000A41E917612020000
时间: 2015-05-04 14:52:34 星期一
地点: m001-2号-进门
状态: 超级密码开门

Rec: 0d4d1c53000000f60A00000000000000A41E93761A030000
时间: 2015-05-04 14:52:39 星期一
地点: m001-2号-出门
状态: 超级密码开门

Rec: 0d4d1c53000000f70000000000000000A41EA1761A830000
时间: 2015-05-04 14:53:03 星期一
地点: m001-1号
状态: 控制器上电[223157331]

Rec: 0d4d1c53000000f85700000000000000A41EBA7612800000
时间: 2015-05-04 14:53:52 星期一
地点: m001-1号
状态: 强制关门

Rec: 0d4d1c53000000f90500000000000000A41EC27612800000
时间: 2015-05-04 14:54:04 星期一
地点: m001-1号
状态: 按钮不开门: 强制关门

Rec: 0d4d1c53000000fa5700000000000000A41EC27612800000
时间: 2015-05-04 14:54:04 星期一
地点: m001-1号
状态: 强制关门

Rec: 0d4d1c53000000fb5700000000000000A41EC47612800000
时间: 2015-05-04 14:54:08 星期一
地点: m001-1号
状态: 强制关门

Rec: 0d4d1c53000000fc0500000000000000A41ECA7612810000
时间: 2015-05-04 14:54:20 星期一
地点: m001-2号
状态: 按钮不开门: 强制关门

Rec: 0d4d1c53000000fd5700000000000000A41ECA7612800000
时间: 2015-05-04 14:54:20 星期一
地点: m001-1号
状态: 强制关门

Rec: 0d4d1c53000000fe5700000000000000A41ECB761A800000
时间: 2015-05-04 14:54:23 星期一
地点: m001-1号
状态: 强制关门

Rec: 0d4d1c53000000ff0600000000000000A41ED6761A800000
时间: 2015-05-04 14:54:45 星期一
地点: m001-1号
状态: 按钮不开门: 门不在线

Rec: 0d4d1c53000001000600000000000000A41ED8761A810000
时间: 2015-05-04 14:54:49 星期一
地点: m001-2号
状态: 按钮不开门: 门不在线

Rec: 0d4d1c53000001010700000000000000A41EED7612800000
时间: 2015-05-04 14:55:26 星期一
地点: m001-1号
状态: 按钮不开门: 互锁

Rec: 0d4d1c53000001020700000000000000A41EEF761A810000
时间: 2015-05-04 14:55:31 星期一
地点: m001-2号
状态: 按钮不开门: 互锁

Rec: 0d4d1c53000001035100000000000000A41E12771A800000
时间: 2015-05-04 14:56:37 星期一
地点: m001-1号
状态: 胁迫报警

Rec: 0d4d1c53000001045100000000000000A41E16771A800000
时间: 2015-05-04 14:56:45 星期一
地点: m001-1号
状态: 胁迫报警

Rec: 0d4d1c53000001055100000000000000A41E1B7712810000
时间: 2015-05-04 14:56:54 星期一
地点: m001-2号
状态: 胁迫报警

Rec: 0d4d1c53000001065100000000000000A41E35771A810000
时间: 2015-05-04 14:57:43 星期一
地点: m001-2号
状态: 胁迫报警

Rec: 0d4d1c53000001070900000000000000A41E417712000000
时间: 2015-05-04 14:58:02 星期一
地点: m001-1号
状态: 门关闭[门磁信号]

Rec: 0d4d1c53000001080900000000000000A41E427712010000
时间: 2015-05-04 14:58:04 星期一
地点: m001-2号
状态: 门关闭[门磁信号]

Rec: 0d4d1c530000010b0800000000000000A41E567712000000
时间: 2015-05-04 14:58:44 星期一
地点: m001-1号
状态: 门打开[门磁信号]

Rec: 0d4d1c530000010c5400000000000000A41E577712800000
时间: 2015-05-04 14:58:46 星期一
地点: m001-1号
状态: 门长时间未关报警[合法开门后]

Rec: 0d4d1c530000010d0900000000000000A41E597712000000
时间: 2015-05-04 14:58:50 星期一
地点: m001-1号
状态: 门关闭[门磁信号]

Rec: 0d4d1c530000010f0800000000000000A41E5C7712000000
时间: 2015-05-04 14:58:56 星期一
地点: m001-1号
状态: 门打开[门磁信号]

Rec: 0d4d1c53000001105400000000000000A41E5D7712800000
时间: 2015-05-04 14:58:58 星期一
地点: m001-1号
状态: 门长时间未关报警[合法开门后]

Rec: 0d4d1c53000001110900000000000000A41E60771A000000
时间: 2015-05-04 14:59:01 星期一
地点: m001-1号
状态: 门关闭[门磁信号]

Rec: 0d4d1c53000001130800000000000000A41E63771A010000
时间: 2015-05-04 14:59:07 星期一
地点: m001-2号
状态: 门打开[门磁信号]

Rec: 0d4d1c53000001145400000000000000A41E64771A810000
时间: 2015-05-04 14:59:09 星期一
地点: m001-2号
状态: 门长时间未关报警[合法开门后]

Rec: 0d4d1c53000001150900000000000000A41E66771A010000
时间: 2015-05-04 14:59:13 星期一
地点: m001-2号
状态: 门关闭[门磁信号]

Rec: 0d4d1c53000001170800000000000000A41E69771A010000
时间: 2015-05-04 14:59:19 星期一
地点: m001-2号
状态: 门打开[门磁信号]

Rec: 0d4d1c53000001185400000000000000A41E6A771A810000
时间: 2015-05-04 14:59:21 星期一
地点: m001-2号
状态: 门长时间未关报警[合法开门后]

Rec: 0d4d1c53000001190900000000000000A41E707712010000
时间: 2015-05-04 14:59:32 星期一
地点: m001-2号
状态: 门关闭[门磁信号]

Rec: 0d4d1c530000011a5700000000000000A41E71771A800000
时间: 2015-05-04 14:59:35 星期一
地点: m001-1号
状态: 强制关门

Rec: 0d4d1c530000011b5500000000000000A41E797712800000
时间: 2015-05-04 14:59:50 星期一
地点: m001-1号
状态: 强行闯入报警

Rec: 0d4d1c530000011c0800000000000000A41E797712000000
时间: 2015-05-04 14:59:50 星期一
地点: m001-1号
状态: 门打开[门磁信号]

Rec: 0d4d1c530000011d0900000000000000A41E7A771A000000
时间: 2015-05-04 14:59:53 星期一
地点: m001-1号
状态: 门关闭[门磁信号]

Rec: 0d4d1c530000011e5500000000000000A41E7B771A810000
时间: 2015-05-04 14:59:55 星期一
地点: m001-2号
状态: 强行闯入报警

Rec: 0d4d1c530000011f0800000000000000A41E7B771A010000
时间: 2015-05-04 14:59:55 星期一
地点: m001-2号
状态: 门打开[门磁信号]

Rec: 0d4d1c53000001200900000000000000A41E7D771A010000
时间: 2015-05-04 14:59:59 星期一
地点: m001-2号
状态: 门关闭[门磁信号]

Rec: 0d4d1c53000001215600000000000000A41E0A7812800000
时间: 2015-05-04 15:00:20 星期一
地点: m001-1号
状态: 火警

Rec: 0d4d1c53000001225700000000000000A41E0F781A800000
时间: 2015-05-04 15:00:31 星期一
地点: m001-1号
状态: 强制关门

Rec: 0d4d1c53000001265800000000000000A41E61781A800000
时间: 2015-05-04 15:03:03 星期一
地点: m001-1号
状态: 防盗报警

Rec: 0d4d1c53000001275900000000000000A41E647812800000
时间: 2015-05-04 15:03:08 星期一
地点: m001-1号
状态: 烟雾煤气温度报警

Rec: 0d4d1c53000001285A00000000000000A41E647812800000
时间: 2015-05-04 15:03:08 星期一
地点: m001-1号
状态: 紧急呼救报警

Rec: 0d4d1c53000001295A00000000000000A41E6B781A800000
时间: 2015-05-04 15:03:23 星期一
地点: m001-1号
状态: 紧急呼救报警

Rec: 0d4d1c530000012a0100000000000000A41EC7791E100000
卡号: 1
时间: 2015-05-04 15:14:15 星期一
地点: m001-1号
状态: 操作员远程开门

Rec: 0d4d1c530000012b0100000000000000A41ECA791E110000
卡号: 1
时间: 2015-05-04 15:14:21 星期一
地点: m001-2号
状态: 操作员远程开门

Rec: 0d4d1c530000012c0000000000000000A41E4F7A1A830000
时间: 2015-05-04 15:18:31 星期一
地点: m001-1号
状态: 控制器上电[223157331]

Rec: 0d4d1c530000012d0000000000000000A41E587A1A880000
时间: 2015-05-04 15:18:49 星期一
地点: m001-1号
状态: 控制器启动-WDT[223157331]

Rec: 0d4d1c530000012e0000000000000000A41E7B7A12830000
时间: 2015-05-04 15:19:54 星期一
地点: m001-1号
状态: 控制器上电[223157331]

Rec: 0d4d1c530000012f0000000000000000A41E857A1A880000
时间: 2015-05-04 15:20:11 星期一
地点: m001-1号
状态: 控制器启动-WDT[223157331]

Rec: 0d4d1c5300000131B9E7120100000000A41E827D1E000000
卡号: 18016185
工号: 2
姓名: N18016185
部门: 制造部
时间: 2015-05-04 15:44:05 星期一
地点: m001-1号
状态: 发卡器确定发出的远程开门,卡号=18016185

Rec: 0d4d1c5300000131B9E7120100000000A41E827D1E000000
卡号: 18016185
工号: 2
姓名: N18016185
部门: 制造部
时间: 2015-05-04 15:44:05 星期一
地点: m001-1号
状态: 发卡器确定发出的远程开门,卡号=18016185

Rec: 0d4d1c5300000133B9E7120100000000A41E877D1E000000
卡号: 18016185
工号: 2
姓名: N18016185
部门: 制造部
时间: 2015-05-04 15:44:15 星期一
地点: m001-1号
状态: 发卡器确定发出的远程开门,卡号=18016185

Rec: 0d4d1c5300000133B9E7120100000000A41E877D1E000000
卡号: 18016185
工号: 2
姓名: N18016185
部门: 制造部
时间: 2015-05-04 15:44:15 星期一
地点: m001-1号
状态: 发卡器确定发出的远程开门,卡号=18016185

Rec: 0d4d1c5300000135B9E7120100000000A41E8B7D16010000
卡号: 18016185
工号: 2
姓名: N18016185
部门: 制造部
时间: 2015-05-04 15:44:22 星期一
地点: m001-2号
状态: 发卡器确定发出的远程开门,卡号=18016185

Rec: 0d4d1c5300000135B9E7120100000000A41E8B7D16010000
卡号: 18016185
工号: 2
姓名: N18016185
部门: 制造部
时间: 2015-05-04 15:44:22 星期一
地点: m001-2号
状态: 发卡器确定发出的远程开门,卡号=18016185

Rec: 0d4d1c5300000137B9E7120100000000A41E907D1E010000
卡号: 18016185
工号: 2
姓名: N18016185
部门: 制造部
时间: 2015-05-04 15:44:33 星期一
地点: m001-2号
状态: 发卡器确定发出的远程开门,卡号=18016185

Rec: 0d4d1c5300000137B9E7120100000000A41E907D1E010000
卡号: 18016185
工号: 2
姓名: N18016185
部门: 制造部
时间: 2015-05-04 15:44:33 星期一
地点: m001-2号
状态: 发卡器确定发出的远程开门,卡号=18016185

Rec: 0d4d1c53000001380000000000000000A41EE78512880000
时间: 2015-05-04 16:47:14 星期一
地点: m001-1号
状态: 控制器启动-WDT[223157331]

